<?xml version="1.0" encoding="UTF-8"?>
<testsuites>
    <testsuite name="Data Integrity Check" tests="5" failures="3" errors="0" time="0.000">
        <testcase name="TC001" classname="CSV" time="0.000">
            <failure message="RESULT: Data integrity check found 4 mismatched row(s)" type="FAIL"/>
        </testcase>
        <testcase name="TC002" classname="CSV" time="0.000">
        </testcase>
        <testcase name="TC003" classname="DB" time="0.000">
            <properties>
                <property name="requirement" value="CALC-123"/>
            </properties>
            <failure message="ERROR: Configuration file 'TEST' not found." type="FAIL"/>
        </testcase>
        <testcase name="TC004" classname="XLS" time="0.000">
            <failure message="Mismatched Rows:   11;Rows in Source:    0;" type="FAIL"/>
        </testcase>
        <testcase name="TC005" classname="CSV" time="0.000">
        </testcase>
    </testsuite>
</testsuites>
